Analysis & Synthesis report for Phase1
Sun Mar 05 13:12:55 2023
Quartus II 64-Bit Version 13.0.1 Build 232 06/12/2013 Service Pack 1 SJ Full Version


---------------------
; Table of Contents ;
---------------------
  1. Legal Notice
  2. Analysis & Synthesis Summary
  3. Analysis & Synthesis Settings
  4. Parallel Compilation
  5. Port Connectivity Checks: "boothMultiplier:two"
  6. Elapsed Time Per Partition
  7. Analysis & Synthesis Messages



----------------
; Legal Notice ;
----------------
Copyright (C) 1991-2013 Altera Corporation
Your use of Altera Corporation's design tools, logic functions 
and other software and tools, and its AMPP partner logic 
functions, and any output files from any of the foregoing 
(including device programming or simulation files), and any 
associated documentation or information are expressly subject 
to the terms and conditions of the Altera Program License 
Subscription Agreement, Altera MegaCore Function License 
Agreement, or other applicable license agreement, including, 
without limitation, that your use is for the sole purpose of 
programming logic devices manufactured by Altera and sold by 
Altera or its authorized distributors.  Please refer to the 
applicable agreement for further details.



+---------------------------------------------------------------------------------------+
; Analysis & Synthesis Summary                                                          ;
+------------------------------------+--------------------------------------------------+
; Analysis & Synthesis Status        ; Failed - Sun Mar 05 13:12:55 2023                ;
; Quartus II 64-Bit Version          ; 13.0.1 Build 232 06/12/2013 SP 1 SJ Full Version ;
; Revision Name                      ; Phase1                                           ;
; Top-level Entity Name              ; TestbenchMultiplier                              ;
; Family                             ; Cyclone III                                      ;
; Total logic elements               ; N/A until Partition Merge                        ;
;     Total combinational functions  ; N/A until Partition Merge                        ;
;     Dedicated logic registers      ; N/A until Partition Merge                        ;
; Total registers                    ; N/A until Partition Merge                        ;
; Total pins                         ; N/A until Partition Merge                        ;
; Total virtual pins                 ; N/A until Partition Merge                        ;
; Total memory bits                  ; N/A until Partition Merge                        ;
; Embedded Multiplier 9-bit elements ; N/A until Partition Merge                        ;
; Total PLLs                         ; N/A until Partition Merge                        ;
+------------------------------------+--------------------------------------------------+


+-----------------------------------------------------------------------------------------------------------------------+
; Analysis & Synthesis Settings                                                                                         ;
+----------------------------------------------------------------------------+---------------------+--------------------+
; Option                                                                     ; Setting             ; Default Value      ;
+----------------------------------------------------------------------------+---------------------+--------------------+
; Device                                                                     ; EP3C16F484C6        ;                    ;
; Top-level entity name                                                      ; TestbenchMultiplier ; Phase1             ;
; Family name                                                                ; Cyclone III         ; Cyclone IV GX      ;
; Use smart compilation                                                      ; Off                 ; Off                ;
; Enable parallel Assembler and TimeQuest Timing Analyzer during compilation ; On                  ; On                 ;
; Enable compact report table                                                ; Off                 ; Off                ;
; Restructure Multiplexers                                                   ; Auto                ; Auto               ;
; Create Debugging Nodes for IP Cores                                        ; Off                 ; Off                ;
; Preserve fewer node names                                                  ; On                  ; On                 ;
; Disable OpenCore Plus hardware evaluation                                  ; Off                 ; Off                ;
; Verilog Version                                                            ; Verilog_2001        ; Verilog_2001       ;
; VHDL Version                                                               ; VHDL_1993           ; VHDL_1993          ;
; State Machine Processing                                                   ; Auto                ; Auto               ;
; Safe State Machine                                                         ; Off                 ; Off                ;
; Extract Verilog State Machines                                             ; On                  ; On                 ;
; Extract VHDL State Machines                                                ; On                  ; On                 ;
; Ignore Verilog initial constructs                                          ; Off                 ; Off                ;
; Iteration limit for constant Verilog loops                                 ; 5000                ; 5000               ;
; Iteration limit for non-constant Verilog loops                             ; 250                 ; 250                ;
; Add Pass-Through Logic to Inferred RAMs                                    ; On                  ; On                 ;
; Infer RAMs from Raw Logic                                                  ; On                  ; On                 ;
; Parallel Synthesis                                                         ; On                  ; On                 ;
; DSP Block Balancing                                                        ; Auto                ; Auto               ;
; NOT Gate Push-Back                                                         ; On                  ; On                 ;
; Power-Up Don't Care                                                        ; On                  ; On                 ;
; Remove Redundant Logic Cells                                               ; Off                 ; Off                ;
; Remove Duplicate Registers                                                 ; On                  ; On                 ;
; Ignore CARRY Buffers                                                       ; Off                 ; Off                ;
; Ignore CASCADE Buffers                                                     ; Off                 ; Off                ;
; Ignore GLOBAL Buffers                                                      ; Off                 ; Off                ;
; Ignore ROW GLOBAL Buffers                                                  ; Off                 ; Off                ;
; Ignore LCELL Buffers                                                       ; Off                 ; Off                ;
; Ignore SOFT Buffers                                                        ; On                  ; On                 ;
; Limit AHDL Integers to 32 Bits                                             ; Off                 ; Off                ;
; Optimization Technique                                                     ; Balanced            ; Balanced           ;
; Carry Chain Length                                                         ; 70                  ; 70                 ;
; Auto Carry Chains                                                          ; On                  ; On                 ;
; Auto Open-Drain Pins                                                       ; On                  ; On                 ;
; Perform WYSIWYG Primitive Resynthesis                                      ; Off                 ; Off                ;
; Auto ROM Replacement                                                       ; On                  ; On                 ;
; Auto RAM Replacement                                                       ; On                  ; On                 ;
; Auto DSP Block Replacement                                                 ; On                  ; On                 ;
; Auto Shift Register Replacement                                            ; Auto                ; Auto               ;
; Allow Shift Register Merging across Hierarchies                            ; Auto                ; Auto               ;
; Auto Clock Enable Replacement                                              ; On                  ; On                 ;
; Strict RAM Replacement                                                     ; Off                 ; Off                ;
; Allow Synchronous Control Signals                                          ; On                  ; On                 ;
; Force Use of Synchronous Clear Signals                                     ; Off                 ; Off                ;
; Auto RAM Block Balancing                                                   ; On                  ; On                 ;
; Auto RAM to Logic Cell Conversion                                          ; Off                 ; Off                ;
; Auto Resource Sharing                                                      ; Off                 ; Off                ;
; Allow Any RAM Size For Recognition                                         ; Off                 ; Off                ;
; Allow Any ROM Size For Recognition                                         ; Off                 ; Off                ;
; Allow Any Shift Register Size For Recognition                              ; Off                 ; Off                ;
; Use LogicLock Constraints during Resource Balancing                        ; On                  ; On                 ;
; Ignore translate_off and synthesis_off directives                          ; Off                 ; Off                ;
; Timing-Driven Synthesis                                                    ; On                  ; On                 ;
; Report Parameter Settings                                                  ; On                  ; On                 ;
; Report Source Assignments                                                  ; On                  ; On                 ;
; Report Connectivity Checks                                                 ; On                  ; On                 ;
; Ignore Maximum Fan-Out Assignments                                         ; Off                 ; Off                ;
; Synchronization Register Chain Length                                      ; 2                   ; 2                  ;
; PowerPlay Power Optimization                                               ; Normal compilation  ; Normal compilation ;
; HDL message level                                                          ; Level2              ; Level2             ;
; Suppress Register Optimization Related Messages                            ; Off                 ; Off                ;
; Number of Removed Registers Reported in Synthesis Report                   ; 5000                ; 5000               ;
; Number of Swept Nodes Reported in Synthesis Report                         ; 5000                ; 5000               ;
; Number of Inverted Registers Reported in Synthesis Report                  ; 100                 ; 100                ;
; Clock MUX Protection                                                       ; On                  ; On                 ;
; Auto Gated Clock Conversion                                                ; Off                 ; Off                ;
; Block Design Naming                                                        ; Auto                ; Auto               ;
; SDC constraint protection                                                  ; Off                 ; Off                ;
; Synthesis Effort                                                           ; Auto                ; Auto               ;
; Shift Register Replacement - Allow Asynchronous Clear Signal               ; On                  ; On                 ;
; Pre-Mapping Resynthesis Optimization                                       ; Off                 ; Off                ;
; Analysis & Synthesis Message Level                                         ; Medium              ; Medium             ;
; Disable Register Merging Across Hierarchies                                ; Auto                ; Auto               ;
; Resource Aware Inference For Block RAM                                     ; On                  ; On                 ;
; Synthesis Seed                                                             ; 1                   ; 1                  ;
+----------------------------------------------------------------------------+---------------------+--------------------+


+------------------------------------------+
; Parallel Compilation                     ;
+----------------------------+-------------+
; Processors                 ; Number      ;
+----------------------------+-------------+
; Number detected on machine ; 8           ;
; Maximum allowed            ; 4           ;
;                            ;             ;
; Average used               ; 1.00        ;
; Maximum used               ; 1           ;
;                            ;             ;
; Usage by Processor         ; % Time Used ;
;     Processor 1            ; 100.0%      ;
;     Processors 2-8         ;   0.0%      ;
+----------------------------+-------------+


+-----------------------------------------------------------------------------------------------------------------+
; Port Connectivity Checks: "boothMultiplier:two"                                                                 ;
+-------+--------+----------+-------------------------------------------------------------------------------------+
; Port  ; Type   ; Severity ; Details                                                                             ;
+-------+--------+----------+-------------------------------------------------------------------------------------+
; ansHI ; Output ; Info     ; Connected to dangling logic. Logic that only feeds a dangling port will be removed. ;
; ansLO ; Output ; Info     ; Connected to dangling logic. Logic that only feeds a dangling port will be removed. ;
+-------+--------+----------+-------------------------------------------------------------------------------------+


+-------------------------------+
; Elapsed Time Per Partition    ;
+----------------+--------------+
; Partition Name ; Elapsed Time ;
+----------------+--------------+
; Top            ; 00:00:00     ;
+----------------+--------------+


+-------------------------------+
; Analysis & Synthesis Messages ;
+-------------------------------+
Info: *******************************************************************
Info: Running Quartus II 64-Bit Analysis & Synthesis
    Info: Version 13.0.1 Build 232 06/12/2013 Service Pack 1 SJ Full Version
    Info: Processing started: Sun Mar 05 13:12:52 2023
Info: Command: quartus_map --read_settings_files=on --write_settings_files=off Phase1 -c Phase1
Info (11104): Parallel Compilation has detected 8 hyper-threaded processors. However, the extra hyper-threaded processors will not be used by default. Parallel Compilation will use 4 of the 4 physical processors detected instead.
Info (12021): Found 1 design units, including 1 entities, in source file adder.bdf
    Info (12023): Found entity 1: Adder
Warning (12019): Can't analyze file -- file mybusmux.v is missing
Info (12021): Found 2 design units, including 2 entities, in source file myencoder32_enc8b10b.v
    Info (12023): Found entity 1: myencoder32_enc8b10b
    Info (12023): Found entity 2: myencoder32_encoding_lut
Info (12021): Found 1 design units, including 1 entities, in source file myencoder32.v
    Info (12023): Found entity 1: myencoder32
Info (12021): Found 1 design units, including 1 entities, in source file encoder.v
    Info (12023): Found entity 1: encoder
Info (12021): Found 1 design units, including 1 entities, in source file bus.v
    Info (12023): Found entity 1: mybusmux
Info (12021): Found 1 design units, including 1 entities, in source file mdrunit.v
    Info (12023): Found entity 1: MDRunit
Info (12021): Found 1 design units, including 1 entities, in source file boothmultiplier.v
    Info (12023): Found entity 1: boothMultiplier
Info (12021): Found 1 design units, including 1 entities, in source file twocompliment.v
    Info (12023): Found entity 1: twoCompliment
Info (12021): Found 1 design units, including 1 entities, in source file nonrestoringdivisionposineg.v
    Info (12023): Found entity 1: nonRestoringDivisionPosiNeg
Info (12021): Found 1 design units, including 1 entities, in source file alu.v
    Info (12023): Found entity 1: ALU
Info (12021): Found 1 design units, including 1 entities, in source file controlunit.v
    Info (12023): Found entity 1: ControlUnit
Info (12021): Found 1 design units, including 1 entities, in source file testbenchmultiplier.v
    Info (12023): Found entity 1: TestbenchMultiplier
Info (12021): Found 1 design units, including 1 entities, in source file testbenchcontrolunit.v
    Info (12023): Found entity 1: TestbenchControlUnit
Info (12021): Found 1 design units, including 1 entities, in source file notoperation.v
    Info (12023): Found entity 1: NotOperation
Warning (10236): Verilog HDL Implicit Net warning at Bus.v(7): created implicit net for "BusMuxIn"
Warning (10236): Verilog HDL Implicit Net warning at Bus.v(7): created implicit net for "R0"
Warning (10236): Verilog HDL Implicit Net warning at Bus.v(7): created implicit net for "R1"
Warning (10236): Verilog HDL Implicit Net warning at Bus.v(7): created implicit net for "R2"
Warning (10236): Verilog HDL Implicit Net warning at Bus.v(7): created implicit net for "R3"
Warning (10236): Verilog HDL Implicit Net warning at Bus.v(7): created implicit net for "R4"
Warning (10236): Verilog HDL Implicit Net warning at Bus.v(7): created implicit net for "R5"
Warning (10236): Verilog HDL Implicit Net warning at Bus.v(7): created implicit net for "R6"
Warning (10236): Verilog HDL Implicit Net warning at Bus.v(7): created implicit net for "R7"
Warning (10236): Verilog HDL Implicit Net warning at Bus.v(7): created implicit net for "R8"
Warning (10236): Verilog HDL Implicit Net warning at Bus.v(7): created implicit net for "R9"
Warning (10236): Verilog HDL Implicit Net warning at Bus.v(7): created implicit net for "R10"
Warning (10236): Verilog HDL Implicit Net warning at Bus.v(7): created implicit net for "R11"
Warning (10236): Verilog HDL Implicit Net warning at Bus.v(7): created implicit net for "R12"
Warning (10236): Verilog HDL Implicit Net warning at Bus.v(7): created implicit net for "R13"
Warning (10236): Verilog HDL Implicit Net warning at Bus.v(7): created implicit net for "R14"
Warning (10236): Verilog HDL Implicit Net warning at Bus.v(7): created implicit net for "R15"
Warning (10236): Verilog HDL Implicit Net warning at Bus.v(7): created implicit net for "HI"
Warning (10236): Verilog HDL Implicit Net warning at Bus.v(7): created implicit net for "LO"
Warning (10236): Verilog HDL Implicit Net warning at Bus.v(7): created implicit net for "ZHI"
Warning (10236): Verilog HDL Implicit Net warning at Bus.v(7): created implicit net for "ZLO"
Warning (10236): Verilog HDL Implicit Net warning at Bus.v(7): created implicit net for "PC"
Warning (10236): Verilog HDL Implicit Net warning at Bus.v(7): created implicit net for "MDR"
Warning (10236): Verilog HDL Implicit Net warning at Bus.v(7): created implicit net for "INPORT"
Warning (10236): Verilog HDL Implicit Net warning at Bus.v(7): created implicit net for "C"
Warning (10236): Verilog HDL Implicit Net warning at Bus.v(7): created implicit net for "SIGN"
Warning (10236): Verilog HDL Implicit Net warning at Bus.v(7): created implicit net for "EXTENDED"
Warning (10236): Verilog HDL Implicit Net warning at MDRunit.v(11): created implicit net for "MDRout"
Warning (10236): Verilog HDL Implicit Net warning at ALU.v(27): created implicit net for "clr"
Info (12127): Elaborating entity "TestbenchMultiplier" for the top level hierarchy
Info (10648): Verilog HDL Display System Task info at TestbenchMultiplier.v(12): HI = ................................
Info (10648): Verilog HDL Display System Task info at TestbenchMultiplier.v(13): LO = ................................
Info (10648): Verilog HDL Display System Task info at TestbenchMultiplier.v(17): HI = ................................
Info (10648): Verilog HDL Display System Task info at TestbenchMultiplier.v(18): LO = ................................
Info (10648): Verilog HDL Display System Task info at TestbenchMultiplier.v(22): HI = ................................
Info (10648): Verilog HDL Display System Task info at TestbenchMultiplier.v(23): LO = ................................
Info (12128): Elaborating entity "boothMultiplier" for hierarchy "boothMultiplier:two"
Warning (10240): Verilog HDL Always Construct warning at boothMultiplier.v(19): inferring latch(es) for variable "ans", which holds its previous value in one or more paths through the always construct
Warning (10030): Net "mrShifted[0]" at boothMultiplier.v(8) has no driver or initial value, using a default initial value '0'
Warning (10030): Net "mc[63..32]" at boothMultiplier.v(10) has no driver or initial value, using a default initial value '0'
Info (10041): Inferred latch for "ans[30]" at boothMultiplier.v(35)
Info (10041): Inferred latch for "ans[31]" at boothMultiplier.v(35)
Info (10041): Inferred latch for "ans[32]" at boothMultiplier.v(35)
Info (10041): Inferred latch for "ans[33]" at boothMultiplier.v(35)
Info (10041): Inferred latch for "ans[34]" at boothMultiplier.v(35)
Info (10041): Inferred latch for "ans[35]" at boothMultiplier.v(35)
Info (10041): Inferred latch for "ans[36]" at boothMultiplier.v(35)
Info (10041): Inferred latch for "ans[37]" at boothMultiplier.v(35)
Info (10041): Inferred latch for "ans[38]" at boothMultiplier.v(35)
Info (10041): Inferred latch for "ans[39]" at boothMultiplier.v(35)
Info (10041): Inferred latch for "ans[40]" at boothMultiplier.v(35)
Info (10041): Inferred latch for "ans[41]" at boothMultiplier.v(35)
Info (10041): Inferred latch for "ans[42]" at boothMultiplier.v(35)
Info (10041): Inferred latch for "ans[43]" at boothMultiplier.v(35)
Info (10041): Inferred latch for "ans[44]" at boothMultiplier.v(35)
Info (10041): Inferred latch for "ans[45]" at boothMultiplier.v(35)
Info (10041): Inferred latch for "ans[46]" at boothMultiplier.v(35)
Info (10041): Inferred latch for "ans[47]" at boothMultiplier.v(35)
Info (10041): Inferred latch for "ans[48]" at boothMultiplier.v(35)
Info (10041): Inferred latch for "ans[49]" at boothMultiplier.v(35)
Info (10041): Inferred latch for "ans[50]" at boothMultiplier.v(35)
Info (10041): Inferred latch for "ans[51]" at boothMultiplier.v(35)
Info (10041): Inferred latch for "ans[52]" at boothMultiplier.v(35)
Info (10041): Inferred latch for "ans[53]" at boothMultiplier.v(35)
Info (10041): Inferred latch for "ans[54]" at boothMultiplier.v(35)
Info (10041): Inferred latch for "ans[55]" at boothMultiplier.v(35)
Info (10041): Inferred latch for "ans[56]" at boothMultiplier.v(35)
Info (10041): Inferred latch for "ans[57]" at boothMultiplier.v(35)
Info (10041): Inferred latch for "ans[58]" at boothMultiplier.v(35)
Info (10041): Inferred latch for "ans[59]" at boothMultiplier.v(35)
Info (10041): Inferred latch for "ans[60]" at boothMultiplier.v(35)
Info (10041): Inferred latch for "ans[61]" at boothMultiplier.v(35)
Info (10041): Inferred latch for "ans[62]" at boothMultiplier.v(35)
Info (10041): Inferred latch for "ans[63]" at boothMultiplier.v(35)
Info (10041): Inferred latch for "ans[28]" at boothMultiplier.v(35)
Info (10041): Inferred latch for "ans[29]" at boothMultiplier.v(35)
Info (10041): Inferred latch for "ans[26]" at boothMultiplier.v(35)
Info (10041): Inferred latch for "ans[27]" at boothMultiplier.v(35)
Info (10041): Inferred latch for "ans[24]" at boothMultiplier.v(35)
Info (10041): Inferred latch for "ans[25]" at boothMultiplier.v(35)
Info (10041): Inferred latch for "ans[22]" at boothMultiplier.v(35)
Info (10041): Inferred latch for "ans[23]" at boothMultiplier.v(35)
Info (10041): Inferred latch for "ans[20]" at boothMultiplier.v(35)
Info (10041): Inferred latch for "ans[21]" at boothMultiplier.v(35)
Info (10041): Inferred latch for "ans[18]" at boothMultiplier.v(35)
Info (10041): Inferred latch for "ans[19]" at boothMultiplier.v(35)
Info (10041): Inferred latch for "ans[16]" at boothMultiplier.v(35)
Info (10041): Inferred latch for "ans[17]" at boothMultiplier.v(35)
Info (10041): Inferred latch for "ans[14]" at boothMultiplier.v(35)
Info (10041): Inferred latch for "ans[15]" at boothMultiplier.v(35)
Info (10041): Inferred latch for "ans[12]" at boothMultiplier.v(35)
Info (10041): Inferred latch for "ans[13]" at boothMultiplier.v(35)
Info (10041): Inferred latch for "ans[10]" at boothMultiplier.v(35)
Info (10041): Inferred latch for "ans[11]" at boothMultiplier.v(35)
Info (10041): Inferred latch for "ans[8]" at boothMultiplier.v(35)
Info (10041): Inferred latch for "ans[9]" at boothMultiplier.v(35)
Info (10041): Inferred latch for "ans[6]" at boothMultiplier.v(35)
Info (10041): Inferred latch for "ans[7]" at boothMultiplier.v(35)
Info (10041): Inferred latch for "ans[4]" at boothMultiplier.v(35)
Info (10041): Inferred latch for "ans[5]" at boothMultiplier.v(35)
Info (10041): Inferred latch for "ans[2]" at boothMultiplier.v(35)
Info (10041): Inferred latch for "ans[3]" at boothMultiplier.v(35)
Info (10041): Inferred latch for "ans[0]" at boothMultiplier.v(35)
Info (10041): Inferred latch for "ans[1]" at boothMultiplier.v(35)
Info (12128): Elaborating entity "twoCompliment" for hierarchy "boothMultiplier:two|twoCompliment:two"
Error (12061): Can't synthesize current design -- Top partition does not contain any logic
Error: Quartus II 64-Bit Analysis & Synthesis was unsuccessful. 1 error, 33 warnings
    Error: Peak virtual memory: 4577 megabytes
    Error: Processing ended: Sun Mar 05 13:12:55 2023
    Error: Elapsed time: 00:00:03
    Error: Total CPU time (on all processors): 00:00:02


